// Jest Snapshot v1, https://goo.gl/fbAQLP

exports[`matches snapshot 1`] = `
<DocumentFragment>
  2Entertainment: Bookseasy970Sep 8th 2022, 1:20pm
</DocumentFragment>
`;
