// Jest Snapshot v1, https://goo.gl/fbAQLP

exports[`matches snapshot 1`] = `
<DocumentFragment>
  <div
    class="col-10 offset-1 col-lg-8 offset-lg-2 col-xxl-6 offset-xxl-3 col-xxxl-4 offset-xxxl-4"
  >
    <h3
      class="mb-5"
    >
      <i
        class="fa-solid fa-id-badge me-2"
      />
      Statistics
    </h3>
    <div
      class="row mb-3"
    >
      <div
        class="col-4"
      >
        <b>
          Remaining Points to Next Level:
        </b>
      </div>
      <div
        class="col-8"
      />
    </div>
    <div
      class="row mb-5"
    >
      <div
        class="col-4 fw-bold"
      >
        Progress:
      </div>
      <div
        class="col-6"
      >
        <div
          class="progress"
        >
          <div
            aria-valuemin="0"
            class="progress-bar bg-warning"
            role="progressbar"
          />
        </div>
      </div>
    </div>
    <h3
      class="mb-5"
    >
      <i
        class="fa-solid fa-award me-2"
      />
      Badges
    </h3>
    You currently have no badges. Try to get one by doing trivia quizzes!
  </div>
</DocumentFragment>
`;
